// Jest Snapshot v1, https://goo.gl/fbAQLP

exports[`Order renders properly 1`] = `
ShallowWrapper {
  Symbol(enzyme.__root__): [Circular],
  Symbol(enzyme.__unrendered__): <Order
    currentOrder={
      Object {
        "desserts": Object {
          "id": 3,
          "name": "Mille-feuille",
          "price": 5,
        },
        "mains": Object {
          "id": 2,
          "name": "Vareniki",
          "price": 10,
        },
        "starters": Object {
          "id": 1,
          "name": "Borscht",
          "price": 5,
        },
      }
    }
    order={
      Object {
        "user1": Object {
          "desserts": Object {
            "id": 3,
            "name": "Mille-feuille",
            "price": 5,
          },
          "mains": Object {
            "id": 2,
            "name": "Vareniki",
            "price": 10,
          },
          "starters": Object {
            "id": 1,
            "name": "Borscht",
            "price": 5,
          },
        },
      }
    }
  />,
  Symbol(enzyme.__renderer__): Object {
    "batchedUpdates": [Function],
    "getNode": [Function],
    "render": [Function],
    "simulateError": [Function],
    "simulateEvent": [Function],
    "unmount": [Function],
  },
  Symbol(enzyme.__node__): Object {
    "instance": null,
    "key": undefined,
    "nodeType": "function",
    "props": Object {
      "children": Array [
        <div />,
        <div
          className="final-order"
        >
          <h3>
            Total amount
          </h3>
          <label>
            £20.00
          </label>
        </div>,
      ],
    },
    "ref": null,
    "rendered": Array [
      Object {
        "instance": null,
        "key": undefined,
        "nodeType": "host",
        "props": Object {
          "children": null,
        },
        "ref": null,
        "rendered": null,
        "type": "div",
      },
      Object {
        "instance": null,
        "key": undefined,
        "nodeType": "host",
        "props": Object {
          "children": Array [
            <h3>
              Total amount
            </h3>,
            <label>
              £20.00
            </label>,
          ],
          "className": "final-order",
        },
        "ref": null,
        "rendered": Array [
          Object {
            "instance": null,
            "key": undefined,
            "nodeType": "host",
            "props": Object {
              "children": "Total amount",
            },
            "ref": null,
            "rendered": "Total amount",
            "type": "h3",
          },
          Object {
            "instance": null,
            "key": undefined,
            "nodeType": "host",
            "props": Object {
              "children": "£20.00",
            },
            "ref": null,
            "rendered": "£20.00",
            "type": "label",
          },
        ],
        "type": "div",
      },
    ],
    "type": Symbol(react.fragment),
  },
  Symbol(enzyme.__nodes__): Array [
    Object {
      "instance": null,
      "key": undefined,
      "nodeType": "function",
      "props": Object {
        "children": Array [
          <div />,
          <div
            className="final-order"
          >
            <h3>
              Total amount
            </h3>
            <label>
              £20.00
            </label>
          </div>,
        ],
      },
      "ref": null,
      "rendered": Array [
        Object {
          "instance": null,
          "key": undefined,
          "nodeType": "host",
          "props": Object {
            "children": null,
          },
          "ref": null,
          "rendered": null,
          "type": "div",
        },
        Object {
          "instance": null,
          "key": undefined,
          "nodeType": "host",
          "props": Object {
            "children": Array [
              <h3>
                Total amount
              </h3>,
              <label>
                £20.00
              </label>,
            ],
            "className": "final-order",
          },
          "ref": null,
          "rendered": Array [
            Object {
              "instance": null,
              "key": undefined,
              "nodeType": "host",
              "props": Object {
                "children": "Total amount",
              },
              "ref": null,
              "rendered": "Total amount",
              "type": "h3",
            },
            Object {
              "instance": null,
              "key": undefined,
              "nodeType": "host",
              "props": Object {
                "children": "£20.00",
              },
              "ref": null,
              "rendered": "£20.00",
              "type": "label",
            },
          ],
          "type": "div",
        },
      ],
      "type": Symbol(react.fragment),
    },
  ],
  Symbol(enzyme.__options__): Object {
    "adapter": ReactSixteenAdapter {
      "options": Object {
        "enableComponentDidUpdateOnSetState": true,
        "lifecycles": Object {
          "componentDidUpdate": Object {
            "onSetState": true,
          },
          "getDerivedStateFromProps": true,
          "getSnapshotBeforeUpdate": true,
          "setState": Object {
            "skipsComponentDidUpdateOnNullish": true,
          },
        },
      },
    },
  },
}
`;
