// Jest Snapshot v1, https://goo.gl/fbAQLP

exports[`App renders properly 1`] = `
ShallowWrapper {
  Symbol(enzyme.__root__): [Circular],
  Symbol(enzyme.__unrendered__): <App />,
  Symbol(enzyme.__renderer__): Object {
    "batchedUpdates": [Function],
    "getNode": [Function],
    "render": [Function],
    "simulateError": [Function],
    "simulateEvent": [Function],
    "unmount": [Function],
  },
  Symbol(enzyme.__node__): Object {
    "instance": null,
    "key": undefined,
    "nodeType": "host",
    "props": Object {
      "children": Array [
        <div
          className="interface"
        >
          <SelectDish
            areRadioChecked={null}
            handleRadio={[Function]}
            handleSubmit={[Function]}
            menu={
              Object {
                "desserts": Array [
                  Object {
                    "id": 9,
                    "name": "Sticky toffee",
                    "price": 18,
                  },
                  Object {
                    "id": 10,
                    "name": "Tiramisu",
                    "price": 4.5,
                  },
                  Object {
                    "id": 11,
                    "name": "Cheesecake",
                    "price": 4,
                  },
                  Object {
                    "id": 12,
                    "name": "Ice cream",
                    "price": 3.5,
                  },
                ],
                "mains": Array [
                  Object {
                    "id": 5,
                    "name": "Steak",
                    "price": 18,
                  },
                  Object {
                    "id": 6,
                    "name": "Meatballs",
                    "price": 11.5,
                  },
                  Object {
                    "id": 7,
                    "name": "Salmon fillet",
                    "price": 14,
                  },
                  Object {
                    "id": 8,
                    "name": "Vegetarian lasagna",
                    "price": 12,
                  },
                ],
                "starters": Array [
                  Object {
                    "id": 1,
                    "name": "Soup",
                    "price": 3,
                  },
                  Object {
                    "id": 2,
                    "name": "Pâté",
                    "price": 5,
                  },
                  Object {
                    "id": 3,
                    "name": "Bruschetta",
                    "price": 4.5,
                  },
                  Object {
                    "id": 4,
                    "name": "Prawn cocktail",
                    "price": 6,
                  },
                ],
              }
            }
            user={1}
          />
          <Order
            currentOrder={Object {}}
            order={Object {}}
            user={1}
          />
          <br />
        </div>,
        false,
      ],
      "className": "App",
    },
    "ref": null,
    "rendered": Array [
      Object {
        "instance": null,
        "key": undefined,
        "nodeType": "host",
        "props": Object {
          "children": Array [
            <SelectDish
              areRadioChecked={null}
              handleRadio={[Function]}
              handleSubmit={[Function]}
              menu={
                Object {
                  "desserts": Array [
                    Object {
                      "id": 9,
                      "name": "Sticky toffee",
                      "price": 18,
                    },
                    Object {
                      "id": 10,
                      "name": "Tiramisu",
                      "price": 4.5,
                    },
                    Object {
                      "id": 11,
                      "name": "Cheesecake",
                      "price": 4,
                    },
                    Object {
                      "id": 12,
                      "name": "Ice cream",
                      "price": 3.5,
                    },
                  ],
                  "mains": Array [
                    Object {
                      "id": 5,
                      "name": "Steak",
                      "price": 18,
                    },
                    Object {
                      "id": 6,
                      "name": "Meatballs",
                      "price": 11.5,
                    },
                    Object {
                      "id": 7,
                      "name": "Salmon fillet",
                      "price": 14,
                    },
                    Object {
                      "id": 8,
                      "name": "Vegetarian lasagna",
                      "price": 12,
                    },
                  ],
                  "starters": Array [
                    Object {
                      "id": 1,
                      "name": "Soup",
                      "price": 3,
                    },
                    Object {
                      "id": 2,
                      "name": "Pâté",
                      "price": 5,
                    },
                    Object {
                      "id": 3,
                      "name": "Bruschetta",
                      "price": 4.5,
                    },
                    Object {
                      "id": 4,
                      "name": "Prawn cocktail",
                      "price": 6,
                    },
                  ],
                }
              }
              user={1}
            />,
            <Order
              currentOrder={Object {}}
              order={Object {}}
              user={1}
            />,
            <br />,
          ],
          "className": "interface",
        },
        "ref": null,
        "rendered": Array [
          Object {
            "instance": null,
            "key": undefined,
            "nodeType": "function",
            "props": Object {
              "areRadioChecked": null,
              "handleRadio": [Function],
              "handleSubmit": [Function],
              "menu": Object {
                "desserts": Array [
                  Object {
                    "id": 9,
                    "name": "Sticky toffee",
                    "price": 18,
                  },
                  Object {
                    "id": 10,
                    "name": "Tiramisu",
                    "price": 4.5,
                  },
                  Object {
                    "id": 11,
                    "name": "Cheesecake",
                    "price": 4,
                  },
                  Object {
                    "id": 12,
                    "name": "Ice cream",
                    "price": 3.5,
                  },
                ],
                "mains": Array [
                  Object {
                    "id": 5,
                    "name": "Steak",
                    "price": 18,
                  },
                  Object {
                    "id": 6,
                    "name": "Meatballs",
                    "price": 11.5,
                  },
                  Object {
                    "id": 7,
                    "name": "Salmon fillet",
                    "price": 14,
                  },
                  Object {
                    "id": 8,
                    "name": "Vegetarian lasagna",
                    "price": 12,
                  },
                ],
                "starters": Array [
                  Object {
                    "id": 1,
                    "name": "Soup",
                    "price": 3,
                  },
                  Object {
                    "id": 2,
                    "name": "Pâté",
                    "price": 5,
                  },
                  Object {
                    "id": 3,
                    "name": "Bruschetta",
                    "price": 4.5,
                  },
                  Object {
                    "id": 4,
                    "name": "Prawn cocktail",
                    "price": 6,
                  },
                ],
              },
              "user": 1,
            },
            "ref": null,
            "rendered": null,
            "type": [Function],
          },
          Object {
            "instance": null,
            "key": undefined,
            "nodeType": "function",
            "props": Object {
              "currentOrder": Object {},
              "order": Object {},
              "user": 1,
            },
            "ref": null,
            "rendered": null,
            "type": [Function],
          },
          Object {
            "instance": null,
            "key": undefined,
            "nodeType": "host",
            "props": Object {},
            "ref": null,
            "rendered": null,
            "type": "br",
          },
        ],
        "type": "div",
      },
      false,
    ],
    "type": "div",
  },
  Symbol(enzyme.__nodes__): Array [
    Object {
      "instance": null,
      "key": undefined,
      "nodeType": "host",
      "props": Object {
        "children": Array [
          <div
            className="interface"
          >
            <SelectDish
              areRadioChecked={null}
              handleRadio={[Function]}
              handleSubmit={[Function]}
              menu={
                Object {
                  "desserts": Array [
                    Object {
                      "id": 9,
                      "name": "Sticky toffee",
                      "price": 18,
                    },
                    Object {
                      "id": 10,
                      "name": "Tiramisu",
                      "price": 4.5,
                    },
                    Object {
                      "id": 11,
                      "name": "Cheesecake",
                      "price": 4,
                    },
                    Object {
                      "id": 12,
                      "name": "Ice cream",
                      "price": 3.5,
                    },
                  ],
                  "mains": Array [
                    Object {
                      "id": 5,
                      "name": "Steak",
                      "price": 18,
                    },
                    Object {
                      "id": 6,
                      "name": "Meatballs",
                      "price": 11.5,
                    },
                    Object {
                      "id": 7,
                      "name": "Salmon fillet",
                      "price": 14,
                    },
                    Object {
                      "id": 8,
                      "name": "Vegetarian lasagna",
                      "price": 12,
                    },
                  ],
                  "starters": Array [
                    Object {
                      "id": 1,
                      "name": "Soup",
                      "price": 3,
                    },
                    Object {
                      "id": 2,
                      "name": "Pâté",
                      "price": 5,
                    },
                    Object {
                      "id": 3,
                      "name": "Bruschetta",
                      "price": 4.5,
                    },
                    Object {
                      "id": 4,
                      "name": "Prawn cocktail",
                      "price": 6,
                    },
                  ],
                }
              }
              user={1}
            />
            <Order
              currentOrder={Object {}}
              order={Object {}}
              user={1}
            />
            <br />
          </div>,
          false,
        ],
        "className": "App",
      },
      "ref": null,
      "rendered": Array [
        Object {
          "instance": null,
          "key": undefined,
          "nodeType": "host",
          "props": Object {
            "children": Array [
              <SelectDish
                areRadioChecked={null}
                handleRadio={[Function]}
                handleSubmit={[Function]}
                menu={
                  Object {
                    "desserts": Array [
                      Object {
                        "id": 9,
                        "name": "Sticky toffee",
                        "price": 18,
                      },
                      Object {
                        "id": 10,
                        "name": "Tiramisu",
                        "price": 4.5,
                      },
                      Object {
                        "id": 11,
                        "name": "Cheesecake",
                        "price": 4,
                      },
                      Object {
                        "id": 12,
                        "name": "Ice cream",
                        "price": 3.5,
                      },
                    ],
                    "mains": Array [
                      Object {
                        "id": 5,
                        "name": "Steak",
                        "price": 18,
                      },
                      Object {
                        "id": 6,
                        "name": "Meatballs",
                        "price": 11.5,
                      },
                      Object {
                        "id": 7,
                        "name": "Salmon fillet",
                        "price": 14,
                      },
                      Object {
                        "id": 8,
                        "name": "Vegetarian lasagna",
                        "price": 12,
                      },
                    ],
                    "starters": Array [
                      Object {
                        "id": 1,
                        "name": "Soup",
                        "price": 3,
                      },
                      Object {
                        "id": 2,
                        "name": "Pâté",
                        "price": 5,
                      },
                      Object {
                        "id": 3,
                        "name": "Bruschetta",
                        "price": 4.5,
                      },
                      Object {
                        "id": 4,
                        "name": "Prawn cocktail",
                        "price": 6,
                      },
                    ],
                  }
                }
                user={1}
              />,
              <Order
                currentOrder={Object {}}
                order={Object {}}
                user={1}
              />,
              <br />,
            ],
            "className": "interface",
          },
          "ref": null,
          "rendered": Array [
            Object {
              "instance": null,
              "key": undefined,
              "nodeType": "function",
              "props": Object {
                "areRadioChecked": null,
                "handleRadio": [Function],
                "handleSubmit": [Function],
                "menu": Object {
                  "desserts": Array [
                    Object {
                      "id": 9,
                      "name": "Sticky toffee",
                      "price": 18,
                    },
                    Object {
                      "id": 10,
                      "name": "Tiramisu",
                      "price": 4.5,
                    },
                    Object {
                      "id": 11,
                      "name": "Cheesecake",
                      "price": 4,
                    },
                    Object {
                      "id": 12,
                      "name": "Ice cream",
                      "price": 3.5,
                    },
                  ],
                  "mains": Array [
                    Object {
                      "id": 5,
                      "name": "Steak",
                      "price": 18,
                    },
                    Object {
                      "id": 6,
                      "name": "Meatballs",
                      "price": 11.5,
                    },
                    Object {
                      "id": 7,
                      "name": "Salmon fillet",
                      "price": 14,
                    },
                    Object {
                      "id": 8,
                      "name": "Vegetarian lasagna",
                      "price": 12,
                    },
                  ],
                  "starters": Array [
                    Object {
                      "id": 1,
                      "name": "Soup",
                      "price": 3,
                    },
                    Object {
                      "id": 2,
                      "name": "Pâté",
                      "price": 5,
                    },
                    Object {
                      "id": 3,
                      "name": "Bruschetta",
                      "price": 4.5,
                    },
                    Object {
                      "id": 4,
                      "name": "Prawn cocktail",
                      "price": 6,
                    },
                  ],
                },
                "user": 1,
              },
              "ref": null,
              "rendered": null,
              "type": [Function],
            },
            Object {
              "instance": null,
              "key": undefined,
              "nodeType": "function",
              "props": Object {
                "currentOrder": Object {},
                "order": Object {},
                "user": 1,
              },
              "ref": null,
              "rendered": null,
              "type": [Function],
            },
            Object {
              "instance": null,
              "key": undefined,
              "nodeType": "host",
              "props": Object {},
              "ref": null,
              "rendered": null,
              "type": "br",
            },
          ],
          "type": "div",
        },
        false,
      ],
      "type": "div",
    },
  ],
  Symbol(enzyme.__options__): Object {
    "adapter": ReactSixteenAdapter {
      "options": Object {
        "enableComponentDidUpdateOnSetState": true,
        "lifecycles": Object {
          "componentDidUpdate": Object {
            "onSetState": true,
          },
          "getDerivedStateFromProps": true,
          "getSnapshotBeforeUpdate": true,
          "setState": Object {
            "skipsComponentDidUpdateOnNullish": true,
          },
        },
      },
    },
  },
}
`;
